// Jest Snapshot v1, https://goo.gl/fbAQLP

exports[`renders correctly for a basic textarea 1`] = `
.c1 {
  margin: unset;
  padding: unset;
  border: unset;
  background: unset;
  font: unset;
  font-family: inherit;
  font-size: 100%;
  box-sizing: border-box;
  background-color: unset;
  color: inherit;
}

.c3 {
  margin: unset;
  padding: unset;
  border: unset;
  background: unset;
  font: unset;
  font-family: inherit;
  font-size: 100%;
  box-sizing: border-box;
  background-color: unset;
  color: inherit;
}

.c3.c3.c3 {
  position: relative;
}

.c5 {
  margin: unset;
  padding: unset;
  border: unset;
  background: unset;
  font: unset;
  font-family: inherit;
  font-size: 100%;
  box-sizing: border-box;
  background-color: white;
  color: inherit;
}

.c0 {
  box-sizing: border-box;
  font-family: system-ui,-apple-system,BlinkMacSystemFont,'Segoe UI',Roboto,Oxygen,Ubuntu,Cantarell,'Fira Sans', 'Droid Sans','Helvetica Neue',sans-serif;
  font-size: 16px;
  font-weight: 400;
  line-height: 1.5;
  margin: 0;
  padding: 0;
  overflow-x: hidden;
  -webkit-font-smoothing: antialiased;
  text-rendering: optimizeLegibility;
  color: #435a6f;
}

.c0 *,
.c0 *::before,
.c0 *::after {
  box-sizing: inherit;
}

.c0 *:focus {
  outline: 2px solid #7467c0;
  outline-offset: 2px;
}

.c2 {
  display: inline-block;
}

.c4 {
  border: 1px solid #bdbdbd;
  box-shadow: inset 0px 1px 2px #e5e5e5;
  border-radius: 0.2em;
  height: 2.5em;
  width: 100%;
  padding: 0.4em 0.6em;
}

.c4[disabled] {
  background-color: #f2f2f2;
  box-shadow: unset;
  color: #8d8d8d;
}

.c4:focus {
  outline: unset;
  z-index: 2;
  border-color: #7467c0;
  box-shadow: #7467c0 0px 0px 0px 1px !important;
}

.c4::-webkit-input-placeholder {
  opacity: 0.6;
}

.c4::-moz-placeholder {
  opacity: 0.6;
}

.c4:-ms-input-placeholder {
  opacity: 0.6;
}

.c4::placeholder {
  opacity: 0.6;
}

<div
  class="c0 c1"
>
  <div
    class="c2 c3"
  >
    <textarea
      aria-invalid="false"
      aria-required="false"
      class="c4 c5"
      style="size: default;"
      type="text"
    />
  </div>
</div>
`;

exports[`renders correctly for a disabled textarea 1`] = `
.c1 {
  margin: unset;
  padding: unset;
  border: unset;
  background: unset;
  font: unset;
  font-family: inherit;
  font-size: 100%;
  box-sizing: border-box;
  background-color: unset;
  color: inherit;
}

.c3 {
  margin: unset;
  padding: unset;
  border: unset;
  background: unset;
  font: unset;
  font-family: inherit;
  font-size: 100%;
  box-sizing: border-box;
  background-color: unset;
  color: inherit;
}

.c3.c3.c3 {
  position: relative;
}

.c5 {
  margin: unset;
  padding: unset;
  border: unset;
  background: unset;
  font: unset;
  font-family: inherit;
  font-size: 100%;
  box-sizing: border-box;
  background-color: white;
  color: inherit;
}

.c0 {
  box-sizing: border-box;
  font-family: system-ui,-apple-system,BlinkMacSystemFont,'Segoe UI',Roboto,Oxygen,Ubuntu,Cantarell,'Fira Sans', 'Droid Sans','Helvetica Neue',sans-serif;
  font-size: 16px;
  font-weight: 400;
  line-height: 1.5;
  margin: 0;
  padding: 0;
  overflow-x: hidden;
  -webkit-font-smoothing: antialiased;
  text-rendering: optimizeLegibility;
  color: #435a6f;
}

.c0 *,
.c0 *::before,
.c0 *::after {
  box-sizing: inherit;
}

.c0 *:focus {
  outline: 2px solid #7467c0;
  outline-offset: 2px;
}

.c2 {
  display: inline-block;
}

.c4 {
  border: 1px solid #bdbdbd;
  box-shadow: inset 0px 1px 2px #e5e5e5;
  border-radius: 0.2em;
  height: 2.5em;
  width: 100%;
  padding: 0.4em 0.6em;
}

.c4[disabled] {
  background-color: #f2f2f2;
  box-shadow: unset;
  color: #8d8d8d;
}

.c4:focus {
  outline: unset;
  z-index: 2;
  border-color: #7467c0;
  box-shadow: #7467c0 0px 0px 0px 1px !important;
}

.c4::-webkit-input-placeholder {
  opacity: 0.6;
}

.c4::-moz-placeholder {
  opacity: 0.6;
}

.c4:-ms-input-placeholder {
  opacity: 0.6;
}

.c4::placeholder {
  opacity: 0.6;
}

<div
  class="c0 c1"
>
  <div
    class="c2 c3"
  >
    <textarea
      aria-invalid="false"
      aria-required="false"
      class="c4 c5"
      disabled=""
      style="size: default;"
      type="text"
    />
  </div>
</div>
`;

exports[`renders correctly for a full width textarea 1`] = `
.c1 {
  margin: unset;
  padding: unset;
  border: unset;
  background: unset;
  font: unset;
  font-family: inherit;
  font-size: 100%;
  box-sizing: border-box;
  background-color: unset;
  color: inherit;
}

.c3 {
  margin: unset;
  padding: unset;
  border: unset;
  background: unset;
  font: unset;
  font-family: inherit;
  font-size: 100%;
  box-sizing: border-box;
  background-color: unset;
  color: inherit;
}

.c3.c3.c3 {
  position: relative;
}

.c5 {
  margin: unset;
  padding: unset;
  border: unset;
  background: unset;
  font: unset;
  font-family: inherit;
  font-size: 100%;
  box-sizing: border-box;
  background-color: white;
  color: inherit;
}

.c0 {
  box-sizing: border-box;
  font-family: system-ui,-apple-system,BlinkMacSystemFont,'Segoe UI',Roboto,Oxygen,Ubuntu,Cantarell,'Fira Sans', 'Droid Sans','Helvetica Neue',sans-serif;
  font-size: 16px;
  font-weight: 400;
  line-height: 1.5;
  margin: 0;
  padding: 0;
  overflow-x: hidden;
  -webkit-font-smoothing: antialiased;
  text-rendering: optimizeLegibility;
  color: #435a6f;
}

.c0 *,
.c0 *::before,
.c0 *::after {
  box-sizing: inherit;
}

.c0 *:focus {
  outline: 2px solid #7467c0;
  outline-offset: 2px;
}

.c2 {
  display: inline-block;
}

.c4 {
  border: 1px solid #bdbdbd;
  box-shadow: inset 0px 1px 2px #e5e5e5;
  border-radius: 0.2em;
  height: 2.5em;
  width: 100%;
  padding: 0.4em 0.6em;
}

.c4[disabled] {
  background-color: #f2f2f2;
  box-shadow: unset;
  color: #8d8d8d;
}

.c4:focus {
  outline: unset;
  z-index: 2;
  border-color: #7467c0;
  box-shadow: #7467c0 0px 0px 0px 1px !important;
}

.c4::-webkit-input-placeholder {
  opacity: 0.6;
}

.c4::-moz-placeholder {
  opacity: 0.6;
}

.c4:-ms-input-placeholder {
  opacity: 0.6;
}

.c4::placeholder {
  opacity: 0.6;
}

.c4 {
  width: 100%;
}

<div
  class="c0 c1"
>
  <div
    class="c2 c3"
    style="width: 100%;"
    width="100%"
  >
    <textarea
      aria-invalid="false"
      aria-required="false"
      class="c4 c5"
      style="size: default;"
      type="text"
    />
  </div>
</div>
`;

exports[`renders correctly for a textarea with a placeholder 1`] = `
.c1 {
  margin: unset;
  padding: unset;
  border: unset;
  background: unset;
  font: unset;
  font-family: inherit;
  font-size: 100%;
  box-sizing: border-box;
  background-color: unset;
  color: inherit;
}

.c3 {
  margin: unset;
  padding: unset;
  border: unset;
  background: unset;
  font: unset;
  font-family: inherit;
  font-size: 100%;
  box-sizing: border-box;
  background-color: unset;
  color: inherit;
}

.c3.c3.c3 {
  position: relative;
}

.c5 {
  margin: unset;
  padding: unset;
  border: unset;
  background: unset;
  font: unset;
  font-family: inherit;
  font-size: 100%;
  box-sizing: border-box;
  background-color: white;
  color: inherit;
}

.c0 {
  box-sizing: border-box;
  font-family: system-ui,-apple-system,BlinkMacSystemFont,'Segoe UI',Roboto,Oxygen,Ubuntu,Cantarell,'Fira Sans', 'Droid Sans','Helvetica Neue',sans-serif;
  font-size: 16px;
  font-weight: 400;
  line-height: 1.5;
  margin: 0;
  padding: 0;
  overflow-x: hidden;
  -webkit-font-smoothing: antialiased;
  text-rendering: optimizeLegibility;
  color: #435a6f;
}

.c0 *,
.c0 *::before,
.c0 *::after {
  box-sizing: inherit;
}

.c0 *:focus {
  outline: 2px solid #7467c0;
  outline-offset: 2px;
}

.c2 {
  display: inline-block;
}

.c4 {
  border: 1px solid #bdbdbd;
  box-shadow: inset 0px 1px 2px #e5e5e5;
  border-radius: 0.2em;
  height: 2.5em;
  width: 100%;
  padding: 0.4em 0.6em;
}

.c4[disabled] {
  background-color: #f2f2f2;
  box-shadow: unset;
  color: #8d8d8d;
}

.c4:focus {
  outline: unset;
  z-index: 2;
  border-color: #7467c0;
  box-shadow: #7467c0 0px 0px 0px 1px !important;
}

.c4::-webkit-input-placeholder {
  opacity: 0.6;
}

.c4::-moz-placeholder {
  opacity: 0.6;
}

.c4:-ms-input-placeholder {
  opacity: 0.6;
}

.c4::placeholder {
  opacity: 0.6;
}

<div
  class="c0 c1"
>
  <div
    class="c2 c3"
  >
    <textarea
      aria-invalid="false"
      aria-required="false"
      class="c4 c5"
      placeholder="Awesome placeholder"
      style="size: default;"
      type="text"
    />
  </div>
</div>
`;

exports[`renders correctly for an input with a default value 1`] = `
.c1 {
  margin: unset;
  padding: unset;
  border: unset;
  background: unset;
  font: unset;
  font-family: inherit;
  font-size: 100%;
  box-sizing: border-box;
  background-color: unset;
  color: inherit;
}

.c3 {
  margin: unset;
  padding: unset;
  border: unset;
  background: unset;
  font: unset;
  font-family: inherit;
  font-size: 100%;
  box-sizing: border-box;
  background-color: unset;
  color: inherit;
}

.c3.c3.c3 {
  position: relative;
}

.c5 {
  margin: unset;
  padding: unset;
  border: unset;
  background: unset;
  font: unset;
  font-family: inherit;
  font-size: 100%;
  box-sizing: border-box;
  background-color: white;
  color: inherit;
}

.c0 {
  box-sizing: border-box;
  font-family: system-ui,-apple-system,BlinkMacSystemFont,'Segoe UI',Roboto,Oxygen,Ubuntu,Cantarell,'Fira Sans', 'Droid Sans','Helvetica Neue',sans-serif;
  font-size: 16px;
  font-weight: 400;
  line-height: 1.5;
  margin: 0;
  padding: 0;
  overflow-x: hidden;
  -webkit-font-smoothing: antialiased;
  text-rendering: optimizeLegibility;
  color: #435a6f;
}

.c0 *,
.c0 *::before,
.c0 *::after {
  box-sizing: inherit;
}

.c0 *:focus {
  outline: 2px solid #7467c0;
  outline-offset: 2px;
}

.c2 {
  display: inline-block;
}

.c4 {
  border: 1px solid #bdbdbd;
  box-shadow: inset 0px 1px 2px #e5e5e5;
  border-radius: 0.2em;
  height: 2.5em;
  width: 100%;
  padding: 0.4em 0.6em;
}

.c4[disabled] {
  background-color: #f2f2f2;
  box-shadow: unset;
  color: #8d8d8d;
}

.c4:focus {
  outline: unset;
  z-index: 2;
  border-color: #7467c0;
  box-shadow: #7467c0 0px 0px 0px 1px !important;
}

.c4::-webkit-input-placeholder {
  opacity: 0.6;
}

.c4::-moz-placeholder {
  opacity: 0.6;
}

.c4:-ms-input-placeholder {
  opacity: 0.6;
}

.c4::placeholder {
  opacity: 0.6;
}

<div
  class="c0 c1"
>
  <div
    class="c2 c3"
  >
    <textarea
      aria-invalid="false"
      aria-required="false"
      class="c4 c5"
      style="size: default;"
      type="text"
    >
      Awesome value
    </textarea>
  </div>
</div>
`;

exports[`sizes renders correctly for a textarea with size large 1`] = `
.c1 {
  margin: unset;
  padding: unset;
  border: unset;
  background: unset;
  font: unset;
  font-family: inherit;
  font-size: 100%;
  box-sizing: border-box;
  background-color: unset;
  color: inherit;
}

.c3 {
  margin: unset;
  padding: unset;
  border: unset;
  background: unset;
  font: unset;
  font-family: inherit;
  font-size: 100%;
  box-sizing: border-box;
  background-color: unset;
  color: inherit;
}

.c3.c3.c3 {
  position: relative;
}

.c5 {
  margin: unset;
  padding: unset;
  border: unset;
  background: unset;
  font: unset;
  font-family: inherit;
  font-size: 100%;
  box-sizing: border-box;
  background-color: white;
  color: inherit;
}

.c0 {
  box-sizing: border-box;
  font-family: system-ui,-apple-system,BlinkMacSystemFont,'Segoe UI',Roboto,Oxygen,Ubuntu,Cantarell,'Fira Sans', 'Droid Sans','Helvetica Neue',sans-serif;
  font-size: 16px;
  font-weight: 400;
  line-height: 1.5;
  margin: 0;
  padding: 0;
  overflow-x: hidden;
  -webkit-font-smoothing: antialiased;
  text-rendering: optimizeLegibility;
  color: #435a6f;
}

.c0 *,
.c0 *::before,
.c0 *::after {
  box-sizing: inherit;
}

.c0 *:focus {
  outline: 2px solid #7467c0;
  outline-offset: 2px;
}

.c2 {
  display: inline-block;
}

.c4 {
  border: 1px solid #bdbdbd;
  box-shadow: inset 0px 1px 2px #e5e5e5;
  border-radius: 0.2em;
  height: 2.5em;
  width: 100%;
  padding: 0.4em 0.6em;
}

.c4[disabled] {
  background-color: #f2f2f2;
  box-shadow: unset;
  color: #8d8d8d;
}

.c4:focus {
  outline: unset;
  z-index: 2;
  border-color: #7467c0;
  box-shadow: #7467c0 0px 0px 0px 1px !important;
}

.c4::-webkit-input-placeholder {
  opacity: 0.6;
}

.c4::-moz-placeholder {
  opacity: 0.6;
}

.c4:-ms-input-placeholder {
  opacity: 0.6;
}

.c4::placeholder {
  opacity: 0.6;
}

.c4 {
  font-size: 1.5rem;
}

.c4 + .c6 {
  width: 25px;
  height: 25px;
  top: 16px;
  right: 12px;
}

<div
  class="c0 c1"
>
  <div
    class="c2 c3"
  >
    <textarea
      aria-invalid="false"
      aria-required="false"
      class="c4 c5"
      style="size: large;"
      type="text"
    />
  </div>
</div>
`;

exports[`sizes renders correctly for a textarea with size medium 1`] = `
.c1 {
  margin: unset;
  padding: unset;
  border: unset;
  background: unset;
  font: unset;
  font-family: inherit;
  font-size: 100%;
  box-sizing: border-box;
  background-color: unset;
  color: inherit;
}

.c3 {
  margin: unset;
  padding: unset;
  border: unset;
  background: unset;
  font: unset;
  font-family: inherit;
  font-size: 100%;
  box-sizing: border-box;
  background-color: unset;
  color: inherit;
}

.c3.c3.c3 {
  position: relative;
}

.c5 {
  margin: unset;
  padding: unset;
  border: unset;
  background: unset;
  font: unset;
  font-family: inherit;
  font-size: 100%;
  box-sizing: border-box;
  background-color: white;
  color: inherit;
}

.c0 {
  box-sizing: border-box;
  font-family: system-ui,-apple-system,BlinkMacSystemFont,'Segoe UI',Roboto,Oxygen,Ubuntu,Cantarell,'Fira Sans', 'Droid Sans','Helvetica Neue',sans-serif;
  font-size: 16px;
  font-weight: 400;
  line-height: 1.5;
  margin: 0;
  padding: 0;
  overflow-x: hidden;
  -webkit-font-smoothing: antialiased;
  text-rendering: optimizeLegibility;
  color: #435a6f;
}

.c0 *,
.c0 *::before,
.c0 *::after {
  box-sizing: inherit;
}

.c0 *:focus {
  outline: 2px solid #7467c0;
  outline-offset: 2px;
}

.c2 {
  display: inline-block;
}

.c4 {
  border: 1px solid #bdbdbd;
  box-shadow: inset 0px 1px 2px #e5e5e5;
  border-radius: 0.2em;
  height: 2.5em;
  width: 100%;
  padding: 0.4em 0.6em;
}

.c4[disabled] {
  background-color: #f2f2f2;
  box-shadow: unset;
  color: #8d8d8d;
}

.c4:focus {
  outline: unset;
  z-index: 2;
  border-color: #7467c0;
  box-shadow: #7467c0 0px 0px 0px 1px !important;
}

.c4::-webkit-input-placeholder {
  opacity: 0.6;
}

.c4::-moz-placeholder {
  opacity: 0.6;
}

.c4:-ms-input-placeholder {
  opacity: 0.6;
}

.c4::placeholder {
  opacity: 0.6;
}

.c4 {
  font-size: 1.25rem;
}

.c4 + .c6 {
  width: 20px;
  height: 20px;
  top: 15px;
  right: 10px;
}

<div
  class="c0 c1"
>
  <div
    class="c2 c3"
  >
    <textarea
      aria-invalid="false"
      aria-required="false"
      class="c4 c5"
      style="size: medium;"
      type="text"
    />
  </div>
</div>
`;

exports[`sizes renders correctly for a textarea with size small 1`] = `
.c1 {
  margin: unset;
  padding: unset;
  border: unset;
  background: unset;
  font: unset;
  font-family: inherit;
  font-size: 100%;
  box-sizing: border-box;
  background-color: unset;
  color: inherit;
}

.c3 {
  margin: unset;
  padding: unset;
  border: unset;
  background: unset;
  font: unset;
  font-family: inherit;
  font-size: 100%;
  box-sizing: border-box;
  background-color: unset;
  color: inherit;
}

.c3.c3.c3 {
  position: relative;
}

.c5 {
  margin: unset;
  padding: unset;
  border: unset;
  background: unset;
  font: unset;
  font-family: inherit;
  font-size: 100%;
  box-sizing: border-box;
  background-color: white;
  color: inherit;
}

.c0 {
  box-sizing: border-box;
  font-family: system-ui,-apple-system,BlinkMacSystemFont,'Segoe UI',Roboto,Oxygen,Ubuntu,Cantarell,'Fira Sans', 'Droid Sans','Helvetica Neue',sans-serif;
  font-size: 16px;
  font-weight: 400;
  line-height: 1.5;
  margin: 0;
  padding: 0;
  overflow-x: hidden;
  -webkit-font-smoothing: antialiased;
  text-rendering: optimizeLegibility;
  color: #435a6f;
}

.c0 *,
.c0 *::before,
.c0 *::after {
  box-sizing: inherit;
}

.c0 *:focus {
  outline: 2px solid #7467c0;
  outline-offset: 2px;
}

.c2 {
  display: inline-block;
}

.c4 {
  border: 1px solid #bdbdbd;
  box-shadow: inset 0px 1px 2px #e5e5e5;
  border-radius: 0.2em;
  height: 2.5em;
  width: 100%;
  padding: 0.4em 0.6em;
}

.c4[disabled] {
  background-color: #f2f2f2;
  box-shadow: unset;
  color: #8d8d8d;
}

.c4:focus {
  outline: unset;
  z-index: 2;
  border-color: #7467c0;
  box-shadow: #7467c0 0px 0px 0px 1px !important;
}

.c4::-webkit-input-placeholder {
  opacity: 0.6;
}

.c4::-moz-placeholder {
  opacity: 0.6;
}

.c4:-ms-input-placeholder {
  opacity: 0.6;
}

.c4::placeholder {
  opacity: 0.6;
}

.c4 {
  font-size: 0.8rem;
}

.c4 + .c6 {
  width: 10px;
  height: 10px;
  top: 10px;
}

<div
  class="c0 c1"
>
  <div
    class="c2 c3"
  >
    <textarea
      aria-invalid="false"
      aria-required="false"
      class="c4 c5"
      style="size: small;"
      type="text"
    />
  </div>
</div>
`;

exports[`states renders correctly for a textarea with state danger 1`] = `
.c1 {
  margin: unset;
  padding: unset;
  border: unset;
  background: unset;
  font: unset;
  font-family: inherit;
  font-size: 100%;
  box-sizing: border-box;
  background-color: unset;
  color: inherit;
}

.c3 {
  margin: unset;
  padding: unset;
  border: unset;
  background: unset;
  font: unset;
  font-family: inherit;
  font-size: 100%;
  box-sizing: border-box;
  background-color: unset;
  color: inherit;
}

.c3.c3.c3 {
  position: relative;
}

.c5 {
  margin: unset;
  padding: unset;
  border: unset;
  background: unset;
  font: unset;
  font-family: inherit;
  font-size: 100%;
  box-sizing: border-box;
  background-color: white;
  color: inherit;
}

.c0 {
  box-sizing: border-box;
  font-family: system-ui,-apple-system,BlinkMacSystemFont,'Segoe UI',Roboto,Oxygen,Ubuntu,Cantarell,'Fira Sans', 'Droid Sans','Helvetica Neue',sans-serif;
  font-size: 16px;
  font-weight: 400;
  line-height: 1.5;
  margin: 0;
  padding: 0;
  overflow-x: hidden;
  -webkit-font-smoothing: antialiased;
  text-rendering: optimizeLegibility;
  color: #435a6f;
}

.c0 *,
.c0 *::before,
.c0 *::after {
  box-sizing: inherit;
}

.c0 *:focus {
  outline: 2px solid #7467c0;
  outline-offset: 2px;
}

.c2 {
  display: inline-block;
}

.c4 {
  border: 1px solid #bdbdbd;
  box-shadow: inset 0px 1px 2px #e5e5e5;
  border-radius: 0.2em;
  height: 2.5em;
  width: 100%;
  padding: 0.4em 0.6em;
}

.c4[disabled] {
  background-color: #f2f2f2;
  box-shadow: unset;
  color: #8d8d8d;
}

.c4:focus {
  outline: unset;
  z-index: 2;
  border-color: #7467c0;
  box-shadow: #7467c0 0px 0px 0px 1px !important;
}

.c4::-webkit-input-placeholder {
  opacity: 0.6;
}

.c4::-moz-placeholder {
  opacity: 0.6;
}

.c4:-ms-input-placeholder {
  opacity: 0.6;
}

.c4::placeholder {
  opacity: 0.6;
}

.c4 {
  border-color: #e24c67;
  box-shadow: #e24c67 0px 0px 0px 1px !important;
}

<div
  class="c0 c1"
>
  <div
    class="c2 c3"
  >
    <textarea
      aria-invalid="true"
      aria-required="false"
      class="c4 c5"
      style="size: default;"
      type="text"
    />
  </div>
</div>
`;

exports[`states renders correctly for a textarea with state primary 1`] = `
.c1 {
  margin: unset;
  padding: unset;
  border: unset;
  background: unset;
  font: unset;
  font-family: inherit;
  font-size: 100%;
  box-sizing: border-box;
  background-color: unset;
  color: inherit;
}

.c3 {
  margin: unset;
  padding: unset;
  border: unset;
  background: unset;
  font: unset;
  font-family: inherit;
  font-size: 100%;
  box-sizing: border-box;
  background-color: unset;
  color: inherit;
}

.c3.c3.c3 {
  position: relative;
}

.c5 {
  margin: unset;
  padding: unset;
  border: unset;
  background: unset;
  font: unset;
  font-family: inherit;
  font-size: 100%;
  box-sizing: border-box;
  background-color: white;
  color: inherit;
}

.c0 {
  box-sizing: border-box;
  font-family: system-ui,-apple-system,BlinkMacSystemFont,'Segoe UI',Roboto,Oxygen,Ubuntu,Cantarell,'Fira Sans', 'Droid Sans','Helvetica Neue',sans-serif;
  font-size: 16px;
  font-weight: 400;
  line-height: 1.5;
  margin: 0;
  padding: 0;
  overflow-x: hidden;
  -webkit-font-smoothing: antialiased;
  text-rendering: optimizeLegibility;
  color: #435a6f;
}

.c0 *,
.c0 *::before,
.c0 *::after {
  box-sizing: inherit;
}

.c0 *:focus {
  outline: 2px solid #7467c0;
  outline-offset: 2px;
}

.c2 {
  display: inline-block;
}

.c4 {
  border: 1px solid #bdbdbd;
  box-shadow: inset 0px 1px 2px #e5e5e5;
  border-radius: 0.2em;
  height: 2.5em;
  width: 100%;
  padding: 0.4em 0.6em;
}

.c4[disabled] {
  background-color: #f2f2f2;
  box-shadow: unset;
  color: #8d8d8d;
}

.c4:focus {
  outline: unset;
  z-index: 2;
  border-color: #7467c0;
  box-shadow: #7467c0 0px 0px 0px 1px !important;
}

.c4::-webkit-input-placeholder {
  opacity: 0.6;
}

.c4::-moz-placeholder {
  opacity: 0.6;
}

.c4:-ms-input-placeholder {
  opacity: 0.6;
}

.c4::placeholder {
  opacity: 0.6;
}

.c4 {
  border-color: #7467c0;
  box-shadow: #7467c0 0px 0px 0px 1px !important;
}

<div
  class="c0 c1"
>
  <div
    class="c2 c3"
  >
    <textarea
      aria-invalid="false"
      aria-required="false"
      class="c4 c5"
      style="size: default;"
      type="text"
    />
  </div>
</div>
`;

exports[`states renders correctly for a textarea with state success 1`] = `
.c1 {
  margin: unset;
  padding: unset;
  border: unset;
  background: unset;
  font: unset;
  font-family: inherit;
  font-size: 100%;
  box-sizing: border-box;
  background-color: unset;
  color: inherit;
}

.c3 {
  margin: unset;
  padding: unset;
  border: unset;
  background: unset;
  font: unset;
  font-family: inherit;
  font-size: 100%;
  box-sizing: border-box;
  background-color: unset;
  color: inherit;
}

.c3.c3.c3 {
  position: relative;
}

.c5 {
  margin: unset;
  padding: unset;
  border: unset;
  background: unset;
  font: unset;
  font-family: inherit;
  font-size: 100%;
  box-sizing: border-box;
  background-color: white;
  color: inherit;
}

.c0 {
  box-sizing: border-box;
  font-family: system-ui,-apple-system,BlinkMacSystemFont,'Segoe UI',Roboto,Oxygen,Ubuntu,Cantarell,'Fira Sans', 'Droid Sans','Helvetica Neue',sans-serif;
  font-size: 16px;
  font-weight: 400;
  line-height: 1.5;
  margin: 0;
  padding: 0;
  overflow-x: hidden;
  -webkit-font-smoothing: antialiased;
  text-rendering: optimizeLegibility;
  color: #435a6f;
}

.c0 *,
.c0 *::before,
.c0 *::after {
  box-sizing: inherit;
}

.c0 *:focus {
  outline: 2px solid #7467c0;
  outline-offset: 2px;
}

.c2 {
  display: inline-block;
}

.c4 {
  border: 1px solid #bdbdbd;
  box-shadow: inset 0px 1px 2px #e5e5e5;
  border-radius: 0.2em;
  height: 2.5em;
  width: 100%;
  padding: 0.4em 0.6em;
}

.c4[disabled] {
  background-color: #f2f2f2;
  box-shadow: unset;
  color: #8d8d8d;
}

.c4:focus {
  outline: unset;
  z-index: 2;
  border-color: #7467c0;
  box-shadow: #7467c0 0px 0px 0px 1px !important;
}

.c4::-webkit-input-placeholder {
  opacity: 0.6;
}

.c4::-moz-placeholder {
  opacity: 0.6;
}

.c4:-ms-input-placeholder {
  opacity: 0.6;
}

.c4::placeholder {
  opacity: 0.6;
}

.c4 {
  border-color: #4ca26c;
  box-shadow: #4ca26c 0px 0px 0px 1px !important;
}

<div
  class="c0 c1"
>
  <div
    class="c2 c3"
  >
    <textarea
      aria-invalid="false"
      aria-required="false"
      class="c4 c5"
      style="size: default;"
      type="text"
    />
  </div>
</div>
`;

exports[`states renders correctly for a textarea with state warning 1`] = `
.c1 {
  margin: unset;
  padding: unset;
  border: unset;
  background: unset;
  font: unset;
  font-family: inherit;
  font-size: 100%;
  box-sizing: border-box;
  background-color: unset;
  color: inherit;
}

.c3 {
  margin: unset;
  padding: unset;
  border: unset;
  background: unset;
  font: unset;
  font-family: inherit;
  font-size: 100%;
  box-sizing: border-box;
  background-color: unset;
  color: inherit;
}

.c3.c3.c3 {
  position: relative;
}

.c5 {
  margin: unset;
  padding: unset;
  border: unset;
  background: unset;
  font: unset;
  font-family: inherit;
  font-size: 100%;
  box-sizing: border-box;
  background-color: white;
  color: inherit;
}

.c0 {
  box-sizing: border-box;
  font-family: system-ui,-apple-system,BlinkMacSystemFont,'Segoe UI',Roboto,Oxygen,Ubuntu,Cantarell,'Fira Sans', 'Droid Sans','Helvetica Neue',sans-serif;
  font-size: 16px;
  font-weight: 400;
  line-height: 1.5;
  margin: 0;
  padding: 0;
  overflow-x: hidden;
  -webkit-font-smoothing: antialiased;
  text-rendering: optimizeLegibility;
  color: #435a6f;
}

.c0 *,
.c0 *::before,
.c0 *::after {
  box-sizing: inherit;
}

.c0 *:focus {
  outline: 2px solid #7467c0;
  outline-offset: 2px;
}

.c2 {
  display: inline-block;
}

.c4 {
  border: 1px solid #bdbdbd;
  box-shadow: inset 0px 1px 2px #e5e5e5;
  border-radius: 0.2em;
  height: 2.5em;
  width: 100%;
  padding: 0.4em 0.6em;
}

.c4[disabled] {
  background-color: #f2f2f2;
  box-shadow: unset;
  color: #8d8d8d;
}

.c4:focus {
  outline: unset;
  z-index: 2;
  border-color: #7467c0;
  box-shadow: #7467c0 0px 0px 0px 1px !important;
}

.c4::-webkit-input-placeholder {
  opacity: 0.6;
}

.c4::-moz-placeholder {
  opacity: 0.6;
}

.c4:-ms-input-placeholder {
  opacity: 0.6;
}

.c4::placeholder {
  opacity: 0.6;
}

.c4 {
  border-color: #ffc94c;
  box-shadow: #ffc94c 0px 0px 0px 1px !important;
}

<div
  class="c0 c1"
>
  <div
    class="c2 c3"
  >
    <textarea
      aria-invalid="false"
      aria-required="false"
      class="c4 c5"
      style="size: default;"
      type="text"
    />
  </div>
</div>
`;
